nested_def 3
parameter 3
assignment 5
late_assignment UnboundLocalError
late_def UnboundLocalError
delete UnboundLocalError
import 3.0
late_import UnboundLocalError
for 5
late_for UnboundLocalError
walrus 6
late_walrus UnboundLocalError
except False
late_except UnboundLocalError
closure 8
nonlocal 9
comprehension [10]
lambda 12
class 13
class_fallback 1
class_method 2
with 14
late_with UnboundLocalError
global 7
late_global 7
global_write 16
deleted_local UnboundLocalError
class_deleted 2
class_conditional 3
local_super 8
local_bytes 9
later_closure 11
comprehension_walrus 12
class_before_local (2, 7)
class_deleted_outer 2
class_free 99
class_annotated 2
class_namespace 42
local_generator [5]
class_nonlocal 12
annotated_local UnboundLocalError
builtin_scope 3
builtin_after_comprehension ([8], 2)
import_module 4.0
deleted_exception UnboundLocalError
augmented_local UnboundLocalError
local_class 12
