BaseException BaseException('x') ('x',)
Exception Exception('x') ('x',)
ArithmeticError ArithmeticError('x') ('x',)
ZeroDivisionError ZeroDivisionError('x') ('x',)
OverflowError OverflowError('x') ('x',)
LookupError LookupError('x') ('x',)
IndexError IndexError('x') ('x',)
KeyError KeyError('x') ('x',)
TypeError TypeError('x') ('x',)
ValueError ValueError('x') ('x',)
NameError NameError('x') ('x',)
UnboundLocalError UnboundLocalError('x') ('x',)
AttributeError AttributeError('x') ('x',)
RuntimeError RuntimeError('x') ('x',)
NotImplementedError NotImplementedError('x') ('x',)
StopIteration StopIteration('x') ('x',)
AssertionError AssertionError('x') ('x',)
SystemExit SystemExit('x') ('x',)
KeyboardInterrupt KeyboardInterrupt('x') ('x',)
ImportError ImportError('x') ('x',)
OSError OSError('x') ('x',)
RecursionError RecursionError('x') ('x',)
UnicodeError UnicodeError('x') ('x',)
ValueError() ''
ValueError('a', 'b') ('a', 'b')
arithmetic ()
name
value
